// Jest Snapshot v1, https://goo.gl/fbAQLP

exports[`renders 1`] = `
<DocumentFragment>
  <div
    class="MuiPaper-root MuiTableContainer-root MuiPaper-elevation1 MuiPaper-rounded"
  >
    <table
      aria-label="simple table"
      class="MuiTable-root makeStyles-table-1"
    >
      <tbody
        class="MuiTableBody-root"
      >
        <tr
          class="MuiTableRow-root"
        >
          <td
            class="MuiTableCell-root MuiTableCell-body MuiTableCell-alignLeft"
          >
            Marketcap
          </td>
          <td
            class="MuiTableCell-root MuiTableCell-body MuiTableCell-alignRight"
          >
            0
          </td>
        </tr>
        <tr
          class="MuiTableRow-root"
        >
          <td
            class="MuiTableCell-root MuiTableCell-body MuiTableCell-alignLeft"
          >
            peRatio
          </td>
          <td
            class="MuiTableCell-root MuiTableCell-body MuiTableCell-alignRight"
          >
            0
          </td>
        </tr>
        <tr
          class="MuiTableRow-root"
        >
          <td
            class="MuiTableCell-root MuiTableCell-body MuiTableCell-alignLeft"
          >
            Next Earnings Day
          </td>
          <td
            class="MuiTableCell-root MuiTableCell-body MuiTableCell-alignRight"
          >
            0
          </td>
        </tr>
        <tr
          class="MuiTableRow-root"
        >
          <td
            class="MuiTableCell-root MuiTableCell-body MuiTableCell-alignLeft"
          >
            Employees
          </td>
          <td
            class="MuiTableCell-root MuiTableCell-body MuiTableCell-alignRight"
          >
            0
          </td>
        </tr>
        <tr
          class="MuiTableRow-root"
        >
          <td
            class="MuiTableCell-root MuiTableCell-body MuiTableCell-alignLeft"
          >
            Float
          </td>
          <td
            class="MuiTableCell-root MuiTableCell-body MuiTableCell-alignRight"
          >
            0
          </td>
        </tr>
        <tr
          class="MuiTableRow-root"
        >
          <td
            class="MuiTableCell-root MuiTableCell-body MuiTableCell-alignLeft"
          >
            ttmEPS
          </td>
          <td
            class="MuiTableCell-root MuiTableCell-body MuiTableCell-alignRight"
          >
            0
          </td>
        </tr>
        <tr
          class="MuiTableRow-root"
        >
          <td
            class="MuiTableCell-root MuiTableCell-body MuiTableCell-alignLeft"
          >
            Week 52 change
          </td>
          <td
            class="MuiTableCell-root MuiTableCell-body MuiTableCell-alignRight"
          >
            0
          </td>
        </tr>
        <tr
          class="MuiTableRow-root"
        >
          <td
            class="MuiTableCell-root MuiTableCell-body MuiTableCell-alignLeft"
          >
            Week 52 low
          </td>
          <td
            class="MuiTableCell-root MuiTableCell-body MuiTableCell-alignRight"
          >
            0
          </td>
        </tr>
        <tr
          class="MuiTableRow-root"
        >
          <td
            class="MuiTableCell-root MuiTableCell-body MuiTableCell-alignLeft"
          >
            Week 52 high
          </td>
          <td
            class="MuiTableCell-root MuiTableCell-body MuiTableCell-alignRight"
          >
            0
          </td>
        </tr>
      </tbody>
    </table>
  </div>
</DocumentFragment>
`;
